[26752:15212:0803/172258.608:WARNING:chrome_main_delegate.cc(745)] This is Chrome version 128.0.6613.138 (not a warning)
[26752:15212:0803/172258.760:WARNING:account_consistency_mode_manager.cc(77)] Desktop Identity Consistency cannot be enabled as no OAuth client ID and client secret have been configured.
[23176:22316:0803/172318.880:WARNING:frame_impl.cc(430)] virtual CefFrameImpl::SendProcessMessage sent to detached frame 5-F211EBDFBA2D5B046B31B90C1F37B988 will be ignored
[18408:21956:0803/172319.197:WARNING:codec.cc(525)] Explicitly added H264 constrained baseline to list of supported formats.
[18408:18732:0803/172319.231:WARNING:codec.cc(525)] Explicitly added H264 constrained baseline to list of supported formats.
[18408:18732:0803/172319.231:WARNING:codec.cc(525)] Explicitly added H264 constrained baseline to list of supported formats.
[18408:18732:0803/172319.235:WARNING:codec.cc(525)] Explicitly added H264 constrained baseline to list of supported formats.
[30560:25908:0803/172319.444:WARNING:host_resolver_dns_task.cc(863)] Address list empty after RFC3484 sort
[30560:25908:0803/172319.454:ERROR:socket_manager.cc(147)] Failed to resolve address for stun.cloudflare.com., errorcode: -105
[30560:25908:0803/172319.454:ERROR:socket_manager.cc(147)] Failed to resolve address for stun.cloudflare.com., errorcode: -105
[30560:25908:0803/172319.454:ERROR:socket_manager.cc(147)] Failed to resolve address for stun.cloudflare.com., errorcode: -105
[30560:25908:0803/172319.454:WARNING:host_resolver_dns_task.cc(863)] Address list empty after RFC3484 sort
[30560:25908:0803/172319.454:WARNING:host_resolver_dns_task.cc(863)] Address list empty after RFC3484 sort
[18408:18732:0803/172319.455:WARNING:stun_port.cc(442)] Port[1024c00:0:1:0:host:Net[any:0:0:0:x:x:x:x:x/0:Wildcard:id=0]]: StunPort: stun host lookup received error -1
[18408:18732:0803/172319.455:WARNING:stun_port.cc(442)] Port[1026c00:1:1:0:host:Net[any:0:0:0:x:x:x:x:x/0:Wildcard:id=0]]: StunPort: stun host lookup received error -1
[18408:18732:0803/172319.455:WARNING:stun_port.cc(442)] Port[1027400:2:1:0:host:Net[any:0:0:0:x:x:x:x:x/0:Wildcard:id=0]]: StunPort: stun host lookup received error -1
[30560:25908:0803/172319.465:ERROR:socket_manager.cc(147)] Failed to resolve address for stun1.l.google.com., errorcode: -105
[30560:25908:0803/172319.465:ERROR:socket_manager.cc(147)] Failed to resolve address for stun1.l.google.com., errorcode: -105
[30560:25908:0803/172319.465:ERROR:socket_manager.cc(147)] Failed to resolve address for stun1.l.google.com., errorcode: -105
[18408:18732:0803/172319.466:WARNING:stun_port.cc(442)] Port[1024c00:0:1:0:host:Net[any:0:0:0:x:x:x:x:x/0:Wildcard:id=0]]: StunPort: stun host lookup received error -1
[18408:18732:0803/172319.466:WARNING:stun_port.cc(442)] Port[1026c00:1:1:0:host:Net[any:0:0:0:x:x:x:x:x/0:Wildcard:id=0]]: StunPort: stun host lookup received error -1
[18408:18732:0803/172319.466:WARNING:stun_port.cc(442)] Port[1027400:2:1:0:host:Net[any:0:0:0:x:x:x:x:x/0:Wildcard:id=0]]: StunPort: stun host lookup received error -1
[30560:25908:0803/172319.466:ERROR:socket_manager.cc(147)] Failed to resolve address for stun.l.google.com., errorcode: -105
[30560:25908:0803/172319.466:ERROR:socket_manager.cc(147)] Failed to resolve address for stun.l.google.com., errorcode: -105
[30560:25908:0803/172319.466:ERROR:socket_manager.cc(147)] Failed to resolve address for stun.l.google.com., errorcode: -105
[18408:18732:0803/172319.466:WARNING:stun_port.cc(442)] Port[1024c00:0:1:0:host:Net[any:0:0:0:x:x:x:x:x/0:Wildcard:id=0]]: StunPort: stun host lookup received error -1
[18408:18732:0803/172319.467:WARNING:stun_port.cc(442)] Port[1026c00:1:1:0:host:Net[any:0:0:0:x:x:x:x:x/0:Wildcard:id=0]]: StunPort: stun host lookup received error -1
[18408:18732:0803/172319.467:WARNING:stun_port.cc(442)] Port[1027400:2:1:0:host:Net[any:0:0:0:x:x:x:x:x/0:Wildcard:id=0]]: StunPort: stun host lookup received error -1
[26752:12980:0803/172319.561:WARNING:browser_info.cc(345)] Returning a speculative frame for [7,9]
[26752:15212:0803/172319.616:WARNING:browser_info.cc(345)] Returning a speculative frame for [10,5]
[26752:15212:0803/172319.617:WARNING:browser_info.cc(345)] Returning a speculative frame for [10,5]
[26752:15212:0803/172319.617:WARNING:browser_info.cc(345)] Returning a speculative frame for [10,5]
[26752:15212:0803/172319.617:WARNING:browser_info.cc(345)] Returning a speculative frame for [10,5]
[26752:12980:0803/172319.661:WARNING:browser_info.cc(345)] Returning a speculative frame for [10,5]
[20956:12800:0803/172320.029:WARNING:codec.cc(525)] Explicitly added H264 constrained baseline to list of supported formats.
[20956:20892:0803/172320.075:WARNING:codec.cc(525)] Explicitly added H264 constrained baseline to list of supported formats.
[20956:20892:0803/172320.076:WARNING:codec.cc(525)] Explicitly added H264 constrained baseline to list of supported formats.
[20956:20892:0803/172320.076:WARNING:codec.cc(525)] Explicitly added H264 constrained baseline to list of supported formats.
[30560:25908:0803/172320.135:WARNING:host_resolver_dns_task.cc(863)] Address list empty after RFC3484 sort
[30560:25908:0803/172320.136:ERROR:socket_manager.cc(147)] Failed to resolve address for stun.l.google.com., errorcode: -105
[30560:25908:0803/172320.136:ERROR:socket_manager.cc(147)] Failed to resolve address for stun.l.google.com., errorcode: -105
[30560:25908:0803/172320.136:ERROR:socket_manager.cc(147)] Failed to resolve address for stun.l.google.com., errorcode: -105
[30560:25908:0803/172320.136:WARNING:host_resolver_dns_task.cc(863)] Address list empty after RFC3484 sort
[30560:25908:0803/172320.137:WARNING:host_resolver_dns_task.cc(863)] Address list empty after RFC3484 sort
[30560:25908:0803/172320.137:ERROR:socket_manager.cc(147)] Failed to resolve address for stun1.l.google.com., errorcode: -105
[30560:25908:0803/172320.137:ERROR:socket_manager.cc(147)] Failed to resolve address for stun1.l.google.com., errorcode: -105
[30560:25908:0803/172320.137:ERROR:socket_manager.cc(147)] Failed to resolve address for stun1.l.google.com., errorcode: -105
[20956:20892:0803/172320.137:WARNING:stun_port.cc(442)] Port[1259000:0:1:0:host:Net[any:0:0:0:x:x:x:x:x/0:Wildcard:id=0]]: StunPort: stun host lookup received error -1
[20956:20892:0803/172320.137:WARNING:stun_port.cc(442)] Port[1259800:1:1:0:host:Net[any:0:0:0:x:x:x:x:x/0:Wildcard:id=0]]: StunPort: stun host lookup received error -1
[20956:20892:0803/172320.137:WARNING:stun_port.cc(442)] Port[125a000:2:1:0:host:Net[any:0:0:0:x:x:x:x:x/0:Wildcard:id=0]]: StunPort: stun host lookup received error -1
[20956:20892:0803/172320.150:WARNING:stun_port.cc(442)] Port[1259000:0:1:0:host:Net[any:0:0:0:x:x:x:x:x/0:Wildcard:id=0]]: StunPort: stun host lookup received error -1
[20956:20892:0803/172320.150:WARNING:stun_port.cc(442)] Port[1259800:1:1:0:host:Net[any:0:0:0:x:x:x:x:x/0:Wildcard:id=0]]: StunPort: stun host lookup received error -1
[20956:20892:0803/172320.150:WARNING:stun_port.cc(442)] Port[125a000:2:1:0:host:Net[any:0:0:0:x:x:x:x:x/0:Wildcard:id=0]]: StunPort: stun host lookup received error -1
[30560:25908:0803/172320.137:ERROR:socket_manager.cc(147)] Failed to resolve address for stun.cloudflare.com., errorcode: -105
[30560:25908:0803/172320.151:ERROR:socket_manager.cc(147)] Failed to resolve address for stun.cloudflare.com., errorcode: -105
[30560:25908:0803/172320.151:ERROR:socket_manager.cc(147)] Failed to resolve address for stun.cloudflare.com., errorcode: -105
[20956:20892:0803/172320.151:WARNING:stun_port.cc(442)] Port[1259000:0:1:0:host:Net[any:0:0:0:x:x:x:x:x/0:Wildcard:id=0]]: StunPort: stun host lookup received error -1
[20956:20892:0803/172320.152:WARNING:stun_port.cc(442)] Port[1259800:1:1:0:host:Net[any:0:0:0:x:x:x:x:x/0:Wildcard:id=0]]: StunPort: stun host lookup received error -1
[20956:20892:0803/172320.152:WARNING:stun_port.cc(442)] Port[125a000:2:1:0:host:Net[any:0:0:0:x:x:x:x:x/0:Wildcard:id=0]]: StunPort: stun host lookup received error -1
[26752:12980:0803/172321.128:ERROR:cast_crl.cc(443)] CRL - Verification failed.
[20956:12800:0803/172322.553:WARNING:codec.cc(525)] Explicitly added H264 constrained baseline to list of supported formats.
[26752:15212:0803/172336.012:WARNING:pref_notifier_impl.cc(41)] Pref observer for media_router.cast_allow_all_ips found at shutdown.
